Microchip MPLAB XC8 Compiler V2.32

Linker command line:

-W-3 --edf=C:\Program Files\Microchip\xc8\v2.32\pic\dat\en_msgs.txt -cn \
  -h+dist/default/production\XC8-MCC-18F25K83_i2c_test_Mysil.X.production.sym \
  --cmf=dist/default/production\XC8-MCC-18F25K83_i2c_test_Mysil.X.production.cmf \
  -z -Q18F25K83 -oC:\Users\Pedro\AppData\Local\Temp\xcAs7o4.4 \
  --defsym=__MPLAB_BUILD=1 \
  -Mdist/default/production/XC8-MCC-18F25K83_i2c_test_Mysil.X.production.map \
  -E1 -ver=XC8 Compiler --acfsm=1493 -ASTACK=060h-07FFh -pstack=STACK \
  -ACODE=00h-07FFFh -ACONST=00h-07FFFh -ASMALLCONST=0800h-08FFhx120 \
  -AMEDIUMCONST=0800h-07FFFh -ACOMRAM=01h-05Fh -AABS1=00h-07FFh \
  -ABIGRAM=01h-07FFh -ARAM=060h-0FFh,0100h-01FFhx7 -ABANK0=060h-0FFh \
  -ABANK1=0100h-01FFh -ABANK2=0200h-02FFh -ABANK3=0300h-03FFh \
  -ABANK4=0400h-04FFh -ABANK5=0500h-05FFh -ABANK6=0600h-06FFh \
  -ABANK7=0700h-07FFh -ASFR=03700h-037FFhx8,03F00h-03F5Fh,03F60h-03FFFh \
  -ACONFIG=0300000h-0300009h -AIDLOC=0200000h-020000Fh \
  -AEEDATA=0310000h-03103FFh -peeprom_data=EEDATA -preset_vec=00h \
  -ppowerup=CODE,init -pramtop=0800h -psmallconst=SMALLCONST \
  -pmediumconst=MEDIUMCONST -pconst=CONST -AFARRAM=00h-00h \
  -prdata=COMRAM,nvrram=COMRAM,nvbit=COMRAM,rbss=COMRAM,rbit=COMRAM \
  -pfarbss=FARRAM,fardata=FARRAM,nvFARRAM=FARRAM \
  -pintsave_regs=BIGRAM,bigbss=BIGRAM,bigdata=BIGRAM -pbss=RAM \
  -pidata=CODE,irdata=CODE,ibigdata=CODE,ifardata=CODE -prparam=COMRAM \
  C:\Users\Pedro\AppData\Local\Temp\xcAs7o4.o \
  dist/default/production\XC8-MCC-18F25K83_i2c_test_Mysil.X.production.o 

Object code version is 3.11

Machine type is 18F25K83



                Name                               Link     Load   Length Selector   Space Scale
C:\Users\Pedro\AppData\Local\Temp\xcAs7o4.o
                idloc                            200000   200000       10        0       5
                config                           300000   300000        A        0       4
                init                               7FFC     7FFC        4     3FFE       0
                reset_vec                             0        0        4        0       0
dist/default/production\XC8-MCC-18F25K83_i2c_test_Mysil.X.production.o
                idloc                            200000   200000       10        0       5
                config                           300000   300000        A        0       4
                smallconst                          800      800       28      400       0
                text69                             13F4     13F4        C      414       0
                text68                             13E8     13E8        C      414       0
                text67                             129E     129E       1E      414       0
                text66                             11C2     11C2       2A      414       0
                text65                             1488     1488        6      414       0
                text64                             1482     1482        6      414       0
                text63                             147C     147C        6      414       0
                text62                             1372     1372       16      414       0
                text61                             135C     135C       16      414       0
                text60                             1346     1346       16      414       0
                text59                              F52      F52       54      414       0
                text58                             1476     1476        6      414       0
                text57                             1470     1470        6      414       0
                text56                             1414     1414        A      414       0
                text55                             127C     127C       22      414       0
                text54                              C44      C44       82      414       0
                text53                             12EC     12EC       18      414       0
                text52                             1142     1142       2C      414       0
                text51                             1116     1116       2C      414       0
                text50                             10EA     10EA       2C      414       0
                text49                             10BE     10BE       2C      414       0
                text48                              FF4      FF4       4C      414       0
                text47                             149A     149A        4      414       0
                text46                             1496     1496        4      414       0
                text45                             140A     140A        A      414       0
                text44                             1400     1400        A      414       0
                text43                             146A     146A        6      414       0
                text42                             1330     1330       16      414       0
                text41                             1464     1464        6      414       0
                text40                             145E     145E        6      414       0
                text39                             1458     1458        6      414       0
                text38                             1452     1452        6      414       0
                text37                             131A     131A       16      414       0
                text36                             1304     1304       16      414       0
                text35                             143E     143E        8      414       0
                text34                             144C     144C        6      414       0
                text33                             1198     1198       2A      414       0
                text32                             1388     1388       14      414       0
                text31                              828      828      12C      414       0
                text30                              A96      A96       98      414       0
                text29                              CC6      CC6       7A      414       0
                text28                              9F8      9F8       9E      414       0
                text27                             13AE     13AE       10      414       0
                text26                             1492     1492        4      414       0
                text25                             148E     148E        4      414       0
                text24                             11EC     11EC       28      414       0
                text23                             1436     1436        8      414       0
                text22                             13DA     13DA        E      414       0
                text21                             142E     142E        8      414       0
                text20                             13CC     13CC        E      414       0
                text19                              DB4      DB4       74      414       0
                text18                              D40      D40       74      414       0
                text17                             13BE     13BE        E      414       0
                text16                              E96      E96       62      414       0
                text15                              E28      E28       6E      414       0
                text14                             125A     125A       22      414       0
                text13                              FA6      FA6       4E      414       0
                text12                             1426     1426        8      414       0
                text11                             1238     1238       22      414       0
                text10                              B2E      B2E       94      414       0
                text9                              1040     1040       46      414       0
                text8                              141E     141E        8      414       0
                text7                              12D4     12D4       18      414       0
                text6                               EF8      EF8       5A      414       0
                text5                              116E     116E       2A      414       0
                text4                              12BC     12BC       18      414       0
                text3                               BC2      BC2       82      414       0
                text2                              1214     1214       24      414       0
                text1                              139C     139C       12      414       0
                text0                               954      954       A4      414       0
                cstackCOMRAM                         2D       2D       1A        1       1
                dataCOMRAM                           47       47        6        1       1
                bssCOMRAM                             1        1       2C        1       1
                cinit                              1086     1086       38      414       0
                idataCOMRAM                        1446     1446        6      414       0

TOTAL           Name                               Link     Load   Length     Space
        CLASS   STACK          

        CLASS   CODE           
                init                               7FFC     7FFC        4         0
                reset_vec                             0        0        4         0
                text69                             13F4     13F4        C         0
                text68                             13E8     13E8        C         0
                text67                             129E     129E       1E         0
                text66                             11C2     11C2       2A         0
                text65                             1488     1488        6         0
                text64                             1482     1482        6         0
                text63                             147C     147C        6         0
                text62                             1372     1372       16         0
                text61                             135C     135C       16         0
                text60                             1346     1346       16         0
                text59                              F52      F52       54         0
                text58                             1476     1476        6         0
                text57                             1470     1470        6         0
                text56                             1414     1414        A         0
                text55                             127C     127C       22         0
                text54                              C44      C44       82         0
                text53                             12EC     12EC       18         0
                text52                             1142     1142       2C         0
                text51                             1116     1116       2C         0
                text50                             10EA     10EA       2C         0
                text49                             10BE     10BE       2C         0
                text48                              FF4      FF4       4C         0
                text47                             149A     149A        4         0
                text46                             1496     1496        4         0
                text45                             140A     140A        A         0
                text44                             1400     1400        A         0
                text43                             146A     146A        6         0
                text42                             1330     1330       16         0
                text41                             1464     1464        6         0
                text40                             145E     145E        6         0
                text39                             1458     1458        6         0
                text38                             1452     1452        6         0
                text37                             131A     131A       16         0
                text36                             1304     1304       16         0
                text35                             143E     143E        8         0
                text34                             144C     144C        6         0
                text33                             1198     1198       2A         0
                text32                             1388     1388       14         0
                text31                              828      828      12C         0
                text30                              A96      A96       98         0
                text29                              CC6      CC6       7A         0
                text28                              9F8      9F8       9E         0
                text27                             13AE     13AE       10         0
                text26                             1492     1492        4         0
                text25                             148E     148E        4         0
                text24                             11EC     11EC       28         0
                text23                             1436     1436        8         0
                text22                             13DA     13DA        E         0
                text21                             142E     142E        8         0
                text20                             13CC     13CC        E         0
                text19                              DB4      DB4       74         0
                text18                              D40      D40       74         0
                text17                             13BE     13BE        E         0
                text16                              E96      E96       62         0
                text15                              E28      E28       6E         0
                text14                             125A     125A       22         0
                text13                              FA6      FA6       4E         0
                text12                             1426     1426        8         0
                text11                             1238     1238       22         0
                text10                              B2E      B2E       94         0
                text9                              1040     1040       46         0
                text8                              141E     141E        8         0
                text7                              12D4     12D4       18         0
                text6                               EF8      EF8       5A         0
                text5                              116E     116E       2A         0
                text4                              12BC     12BC       18         0
                text3                               BC2      BC2       82         0
                text2                              1214     1214       24         0
                text1                              139C     139C       12         0
                text0                               954      954       A4         0
                cinit                              1086     1086       38         0
                idataCOMRAM                        1446     1446        6         0

        CLASS   CONST          

        CLASS   SMALLCONST     
                smallconst                          800      800       28         0

        CLASS   MEDIUMCONST    

        CLASS   COMRAM         
                cstackCOMRAM                         2D       2D       1A         1
                dataCOMRAM                           47       47        6         1
                bssCOMRAM                             1        1       2C         1

        CLASS   ABS1           

        CLASS   BIGRAM         

        CLASS   RAM            

        CLASS   BANK0          

        CLASS   BANK1          

        CLASS   BANK2          

        CLASS   BANK3          

        CLASS   BANK4          

        CLASS   BANK5          

        CLASS   BANK6          

        CLASS   BANK7          

        CLASS   SFR            

        CLASS   CONFIG         
                config                           300000   300000        A         4

        CLASS   IDLOC          
                idloc                            200000   200000       10         5

        CLASS   EEDATA         

        CLASS   FARRAM         



SEGMENTS        Name                           Load    Length   Top    Selector   Space  Class

                reset_vec                      000000  000004  000004         0       0  CODE    
                bssCOMRAM                      000001  00004C  00004D         1       1  COMRAM  
                smallconst                     000800  000028  000828       400       0  SMALLCON
                text31                         000828  000C76  00149E       414       0  CODE    
                init                           007FFC  000004  008000      3FFE       0  CODE    


UNUSED ADDRESS RANGES

        Name                Unused          Largest block    Delta
        BANK0            000060-0000FF               A0
        BANK1            000100-0001FF              100
        BANK2            000200-0002FF              100
        BANK3            000300-0003FF              100
        BANK4            000400-0004FF              100
        BANK5            000500-0005FF              100
        BANK6            000600-0006FF              100
        BANK7            000700-0007FF              100
        BIGRAM           00004D-0007FF              7B3
        CODE             000004-0007FF              7FC
                         00149E-007FFB             6B5E
        COMRAM           00004D-00005F               13
        CONST            000004-0007FF              7FC
                         00149E-007FFB             6B5E
        EEDATA           310000-3103FF              400
        MEDIUMCONST      00149E-007FFB             6B5E
        RAM              000060-0007FF              100
        SFR              003700-003FFF              100
        SMALLCONST       00149E-007FFB              100
        STACK            000060-0007FF              7A0

                                  Symbol Table

I2C2_CallbackReturnReset@funPtr        cstackCOMRAM 000036
I2C2_Close@returnValue                 cstackCOMRAM 00002D
I2C2_DO_RX@retFsmState                 cstackCOMRAM 00003C
I2C2_DO_TX@dataTx                      cstackCOMRAM 00003C
I2C2_DO_TX@retFsmState                 cstackCOMRAM 00003D
I2C2_MasterOperation@read              cstackCOMRAM 00003E
I2C2_MasterOperation@returnValue       cstackCOMRAM 00003F
I2C2_MasterSendTxData@data             cstackCOMRAM 00002D
I2C2_MasterSetCounter@counter          cstackCOMRAM 00002D
I2C2_Open@address                      cstackCOMRAM 00002D
I2C2_Open@returnValue                  cstackCOMRAM 00002E
I2C2_ReadNBytes@address                cstackCOMRAM 000044
I2C2_ReadNBytes@data                   cstackCOMRAM 000040
I2C2_ReadNBytes@len                    cstackCOMRAM 000042
I2C2_SetAddressNackCallback@cb         cstackCOMRAM 000032
I2C2_SetAddressNackCallback@ptr        cstackCOMRAM 000034
I2C2_SetBuffer@buffer                  cstackCOMRAM 00002D
I2C2_SetBuffer@bufferSize              cstackCOMRAM 00002F
I2C2_SetCallback@cb                    cstackCOMRAM 00002D
I2C2_SetCallback@idx                   cstackCOMRAM 000031
I2C2_SetCallback@ptr                   cstackCOMRAM 00002F
I2C2_SetDataCompleteCallback@cb        cstackCOMRAM 000032
I2C2_SetDataCompleteCallback@ptr       cstackCOMRAM 000034
I2C2_WriteNBytes@address               cstackCOMRAM 000044
I2C2_WriteNBytes@data                  cstackCOMRAM 000040
I2C2_WriteNBytes@len                   cstackCOMRAM 000042
_ANSELA                                (abs)        003A40
_ANSELB                                (abs)        003A50
_ANSELC                                (abs)        003A60
_I2C2CLK                               (abs)        003D65
_I2C2CNT                               (abs)        003D56
_I2C2CON0                              (abs)        003D5D
_I2C2CON0bits                          (abs)        003D5D
_I2C2CON1                              (abs)        003D5E
_I2C2CON1bits                          (abs)        003D5E
_I2C2CON2                              (abs)        003D5F
_I2C2EIE                               (abs)        01CCBB
_I2C2ERR                               (abs)        003D60
_I2C2ERRbits                           (abs)        003D60
_I2C2IE                                (abs)        01CCBA
_I2C2PIE                               (abs)        003D64
_I2C2PIEbits                           (abs)        003D64
_I2C2PIR                               (abs)        003D63
_I2C2PIRbits                           (abs)        003D63
_I2C2RXB                               (abs)        003D54
_I2C2RXIE                              (abs)        01CCB8
_I2C2RXIF                              (abs)        01CD38
_I2C2SCLPPS                            (abs)        003AE5
_I2C2SDAPPS                            (abs)        003AE6
_I2C2STAT1bits                         (abs)        003D62
_I2C2TXB                               (abs)        003D55
_I2C2TXIE                              (abs)        01CCB9
_I2C2TXIF                              (abs)        01CD39
_I2C2_CallbackReturnReset              text46       001496
_I2C2_CallbackReturnStop               text47       00149A
_I2C2_ClearInterruptFlags              text59       000F52
_I2C2_Close                            text66       0011C2
_I2C2_DO_ADDRESS_NACK                  text19       000DB4
_I2C2_DO_BUS_COLLISION                 text18       000D40
_I2C2_DO_BUS_ERROR                     text17       0013BE
_I2C2_DO_IDLE                          text34       00144C
_I2C2_DO_RESET                         text20       0013CC
_I2C2_DO_RX                            text30       000A96
_I2C2_DO_RX_ACK                        text23       001436
_I2C2_DO_RX_EMPTY                      text28       0009F8
_I2C2_DO_RX_NACK_RESTART               text21       00142E
_I2C2_DO_RX_NACK_STOP                  text22       0013DA
_I2C2_DO_SEND_ADR_READ                 text33       001198
_I2C2_DO_SEND_ADR_WRITE                text32       001388
_I2C2_DO_SEND_RESTART                  text25       00148E
_I2C2_DO_SEND_RESTART_READ             text27       0013AE
_I2C2_DO_SEND_RESTART_WRITE            text26       001492
_I2C2_DO_SEND_STOP                     text24       0011EC
_I2C2_DO_TX                            text31       000828
_I2C2_DO_TX$993                        cstackCOMRAM 00003A
_I2C2_DO_TX_ACK                        text35       00143E
_I2C2_DO_TX_EMPTY                      text29       000CC6
_I2C2_Initialize                       text5        00116E
_I2C2_MasterClearCountFlag             text65       001488
_I2C2_MasterClearIrq                   text69       0013F4
_I2C2_MasterClearNackFlag              text64       001482
_I2C2_MasterClearStopFlag              text63       00147C
_I2C2_MasterClose                      text68       0013E8
_I2C2_MasterDisableIrq                 text67       00129E
_I2C2_MasterDisableRestart             text58       001476
_I2C2_MasterEnableRestart              text57       001470
_I2C2_MasterFsm                        text16       000E96
_I2C2_MasterGetCounter                 text38       001452
_I2C2_MasterGetRxData                  text43       00146A
_I2C2_MasterIsCountFlagSet             text62       001372
_I2C2_MasterIsNack                     text37       00131A
_I2C2_MasterIsNackFlagSet              text61       00135C
_I2C2_MasterIsRxBufFull                text42       001330
_I2C2_MasterIsStopFlagSet              text60       001346
_I2C2_MasterIsTxBufEmpty               text36       001304
_I2C2_MasterOpen                       text11       001238
_I2C2_MasterOperation                  text13       000FA6
_I2C2_MasterRead                       text12       001426
_I2C2_MasterResetBus                   text44       001400
_I2C2_MasterSendAck                    text41       001464
_I2C2_MasterSendNack                   text40       00145E
_I2C2_MasterSendTxData                 text45       00140A
_I2C2_MasterSetCounter                 text56       001414
_I2C2_MasterStop                       text39       001458
_I2C2_MasterWaitForEvent               text15       000E28
_I2C2_MasterWrite                      text8        00141E
_I2C2_Open                             text10       000B2E
_I2C2_Poller                           text14       00125A
_I2C2_ReadNBytes                       text9        001040
_I2C2_SetAddressNackCallback           text7        0012D4
_I2C2_SetBuffer                        text55       00127C
_I2C2_SetCallback                      text54       000C44
_I2C2_SetDataCompleteCallback          text53       0012EC
_I2C2_Status                           bssCOMRAM    000001
_I2C2_WriteNBytes                      text6        000EF8
_INLVLA                                (abs)        003A44
_INLVLB                                (abs)        003A54
_INLVLC                                (abs)        003A64
_INLVLE                                (abs)        003A84
_LATA                                  (abs)        003FBA
_LATB                                  (abs)        003FBB
_LATBbits                              (abs)        003FBB
_LATC                                  (abs)        003FBC
_LATCbits                              (abs)        003FBC
_ODCONA                                (abs)        003A42
_ODCONB                                (abs)        003A52
_ODCONC                                (abs)        003A62
_OSCCON1                               (abs)        0039D9
_OSCCON3                               (abs)        0039DB
_OSCEN                                 (abs)        0039DD
_OSCFRQ                                (abs)        0039DF
_OSCILLATOR_Initialize                 text4        0012BC
_OSCTUNE                               (abs)        0039DE
_PIN_MANAGER_Initialize                text3        000BC2
_PMD0                                  (abs)        0039C0
_PMD1                                  (abs)        0039C1
_PMD2                                  (abs)        0039C2
_PMD3                                  (abs)        0039C3
_PMD4                                  (abs)        0039C4
_PMD5                                  (abs)        0039C5
_PMD6                                  (abs)        0039C6
_PMD7                                  (abs)        0039C7
_PMD_Initialize                        text2        001214
_RB1I2Cbits                            (abs)        003A5A
_RB1PPS                                (abs)        003A09
_RB2I2Cbits                            (abs)        003A5B
_RB2PPS                                (abs)        003A0A
_SLRCONA                               (abs)        003A43
_SLRCONB                               (abs)        003A53
_SLRCONC                               (abs)        003A63
_SYSTEM_Initialize                     text1        00139C
_TRISA                                 (abs)        003FC2
_TRISB                                 (abs)        003FC3
_TRISC                                 (abs)        003FC4
_WPUA                                  (abs)        003A41
_WPUB                                  (abs)        003A51
_WPUC                                  (abs)        003A61
_WPUE                                  (abs)        003A81
__HRAM                                 (abs)        000000
__Habs1                                abs1         000000
__Hbank0                               bank0        000000
__Hbank1                               bank1        000000
__Hbank2                               bank2        000000
__Hbank3                               bank3        000000
__Hbank4                               bank4        000000
__Hbank5                               bank5        000000
__Hbank6                               bank6        000000
__Hbank7                               bank7        000000
__Hbigbss                              bigbss       000000
__Hbigdata                             bigdata      000000
__Hbigram                              bigram       000000
__Hbss                                 bss          000000
__HbssCOMRAM                           bssCOMRAM    000000
__Hcinit                               cinit        000000
__Hclrtext                             clrtext      000000
__Hcomram                              comram       000000
__Hconfig                              config       30000A
__Hconst                               const        000000
__HcstackCOMRAM                        cstackCOMRAM 000000
__Hdata                                data         000000
__HdataCOMRAM                          dataCOMRAM   000000
__Heeprom_data                         eeprom_data  000000
__Hfarbss                              farbss       000000
__Hfardata                             fardata      000000
__Hibigdata                            ibigdata     000000
__Hidata                               idata        000000
__HidataCOMRAM                         idataCOMRAM  000000
__Hidloc                               idloc        200010
__Hifardata                            ifardata     000000
__Hinit                                init         008000
__Hintsave_regs                        intsave_regs 000000
__Hirdata                              irdata       000000
__Hmediumconst                         mediumconst  000000
__HnvFARRAM                            nvFARRAM     000000
__Hnvbit                               nvbit        000000
__Hnvrram                              nvrram       000000
__Hparam                               rparam       000000
__Hpowerup                             powerup      000000
__Hram                                 ram          000000
__Hramtop                              ramtop       000800
__Hrbit                                rbit         000000
__Hrbss                                rbss         000000
__Hrdata                               rdata        000000
__Hreset_vec                           reset_vec    000004
__Hrparam                              rparam       000000
__Hsfr                                 sfr          000000
__Hsmallconst                          smallconst   000828
__Hspace_0                             (abs)        008000
__Hspace_1                             (abs)        00004D
__Hspace_2                             (abs)        000000
__Hspace_4                             (abs)        60000A
__Hstack                               stack        000000
__Hstruct                              struct       000000
__Htemp                                temp         000000
__Htext                                text         000000
__Htext0                               text0        000000
__Htext1                               text1        000000
__Htext10                              text10       000000
__Htext11                              text11       000000
__Htext12                              text12       000000
__Htext13                              text13       000000
__Htext14                              text14       000000
__Htext15                              text15       000000
__Htext16                              text16       000000
__Htext17                              text17       000000
__Htext18                              text18       000000
__Htext19                              text19       000000
__Htext2                               text2        000000
__Htext20                              text20       000000
__Htext21                              text21       000000
__Htext22                              text22       000000
__Htext23                              text23       000000
__Htext24                              text24       000000
__Htext25                              text25       000000
__Htext26                              text26       000000
__Htext27                              text27       000000
__Htext28                              text28       000000
__Htext29                              text29       000000
__Htext3                               text3        000000
__Htext30                              text30       000000
__Htext31                              text31       000000
__Htext32                              text32       000000
__Htext33                              text33       000000
__Htext34                              text34       000000
__Htext35                              text35       000000
__Htext36                              text36       000000
__Htext37                              text37       000000
__Htext38                              text38       000000
__Htext39                              text39       000000
__Htext4                               text4        000000
__Htext40                              text40       000000
__Htext41                              text41       000000
__Htext42                              text42       000000
__Htext43                              text43       000000
__Htext44                              text44       000000
__Htext45                              text45       000000
__Htext46                              text46       000000
__Htext47                              text47       000000
__Htext48                              text48       000000
__Htext49                              text49       000000
__Htext5                               text5        000000
__Htext50                              text50       000000
__Htext51                              text51       000000
__Htext52                              text52       000000
__Htext53                              text53       000000
__Htext54                              text54       000000
__Htext55                              text55       000000
__Htext56                              text56       000000
__Htext57                              text57       000000
__Htext58                              text58       000000
__Htext59                              text59       000000
__Htext6                               text6        000000
__Htext60                              text60       000000
__Htext61                              text61       000000
__Htext62                              text62       000000
__Htext63                              text63       000000
__Htext64                              text64       000000
__Htext65                              text65       000000
__Htext66                              text66       000000
__Htext67                              text67       000000
__Htext68                              text68       000000
__Htext69                              text69       000000
__Htext7                               text7        000000
__Htext70                              text70       000000
__Htext8                               text8        000000
__Htext9                               text9        000000
__LRAM                                 (abs)        000001
__Labs1                                abs1         000000
__Lbank0                               bank0        000000
__Lbank1                               bank1        000000
__Lbank2                               bank2        000000
__Lbank3                               bank3        000000
__Lbank4                               bank4        000000
__Lbank5                               bank5        000000
__Lbank6                               bank6        000000
__Lbank7                               bank7        000000
__Lbigbss                              bigbss       000000
__Lbigdata                             bigdata      000000
__Lbigram                              bigram       000000
__Lbss                                 bss          000000
__LbssCOMRAM                           bssCOMRAM    000000
__Lcinit                               cinit        000000
__Lclrtext                             clrtext      000000
__Lcomram                              comram       000000
__Lconfig                              config       000000
__Lconst                               const        000000
__LcstackCOMRAM                        cstackCOMRAM 000000
__Ldata                                data         000000
__LdataCOMRAM                          dataCOMRAM   000000
__Leeprom_data                         eeprom_data  000000
__Lfarbss                              farbss       000000
__Lfardata                             fardata      000000
__Libigdata                            ibigdata     000000
__Lidata                               idata        000000
__LidataCOMRAM                         idataCOMRAM  000000
__Lidloc                               idloc        000000
__Lifardata                            ifardata     000000
__Linit                                init         007FFC
__Lintsave_regs                        intsave_regs 000000
__Lirdata                              irdata       000000
__Lmediumconst                         mediumconst  000000
__LnvFARRAM                            nvFARRAM     000000
__Lnvbit                               nvbit        000000
__Lnvrram                              nvrram       000000
__Lparam                               rparam       000000
__Lpowerup                             powerup      000000
__Lram                                 ram          000000
__Lramtop                              ramtop       000800
__Lrbit                                rbit         000000
__Lrbss                                rbss         000000
__Lrdata                               rdata        000000
__Lreset_vec                           reset_vec    000000
__Lrparam                              rparam       000000
__Lsfr                                 sfr          000000
__Lsmallconst                          smallconst   000800
__Lspace_0                             (abs)        000000
__Lspace_1                             (abs)        000000
__Lspace_2                             (abs)        000000
__Lspace_4                             (abs)        000000
__Lstack                               stack        000000
__Lstruct                              struct       000000
__Ltemp                                temp         000000
__Ltext                                text         000000
__Ltext0                               text0        000000
__Ltext1                               text1        000000
__Ltext10                              text10       000000
__Ltext11                              text11       000000
__Ltext12                              text12       000000
__Ltext13                              text13       000000
__Ltext14                              text14       000000
__Ltext15                              text15       000000
__Ltext16                              text16       000000
__Ltext17                              text17       000000
__Ltext18                              text18       000000
__Ltext19                              text19       000000
__Ltext2                               text2        000000
__Ltext20                              text20       000000
__Ltext21                              text21       000000
__Ltext22                              text22       000000
__Ltext23                              text23       000000
__Ltext24                              text24       000000
__Ltext25                              text25       000000
__Ltext26                              text26       000000
__Ltext27                              text27       000000
__Ltext28                              text28       000000
__Ltext29                              text29       000000
__Ltext3                               text3        000000
__Ltext30                              text30       000000
__Ltext31                              text31       000000
__Ltext32                              text32       000000
__Ltext33                              text33       000000
__Ltext34                              text34       000000
__Ltext35                              text35       000000
__Ltext36                              text36       000000
__Ltext37                              text37       000000
__Ltext38                              text38       000000
__Ltext39                              text39       000000
__Ltext4                               text4        000000
__Ltext40                              text40       000000
__Ltext41                              text41       000000
__Ltext42                              text42       000000
__Ltext43                              text43       000000
__Ltext44                              text44       000000
__Ltext45                              text45       000000
__Ltext46                              text46       000000
__Ltext47                              text47       000000
__Ltext48                              text48       000000
__Ltext49                              text49       000000
__Ltext5                               text5        000000
__Ltext50                              text50       000000
__Ltext51                              text51       000000
__Ltext52                              text52       000000
__Ltext53                              text53       000000
__Ltext54                              text54       000000
__Ltext55                              text55       000000
__Ltext56                              text56       000000
__Ltext57                              text57       000000
__Ltext58                              text58       000000
__Ltext59                              text59       000000
__Ltext6                               text6        000000
__Ltext60                              text60       000000
__Ltext61                              text61       000000
__Ltext62                              text62       000000
__Ltext63                              text63       000000
__Ltext64                              text64       000000
__Ltext65                              text65       000000
__Ltext66                              text66       000000
__Ltext67                              text67       000000
__Ltext68                              text68       000000
__Ltext69                              text69       000000
__Ltext7                               text7        000000
__Ltext70                              text70       000000
__Ltext8                               text8        000000
__Ltext9                               text9        000000
__S0                                   (abs)        008000
__S1                                   (abs)        00004D
__S2                                   (abs)        000000
__S4                                   (abs)        000000
__S5                                   (abs)        000000
___inthi_sp                            stack        000000
___intlo_sp                            stack        000000
___param_bank                          (abs)        000000
___rparam_used                         (abs)        000001
___sp                                  stack        000000
__accesstop                            (abs)        000060
__activetblptr                         (abs)        000002
__end_of_I2C2_CallbackReturnReset      text46       00149A
__end_of_I2C2_CallbackReturnStop       text47       00149E
__end_of_I2C2_ClearInterruptFlags      text59       000FA6
__end_of_I2C2_Close                    text66       0011EC
__end_of_I2C2_DO_ADDRESS_NACK          text19       000E28
__end_of_I2C2_DO_BUS_COLLISION         text18       000DB4
__end_of_I2C2_DO_BUS_ERROR             text17       0013CC
__end_of_I2C2_DO_IDLE                  text34       001452
__end_of_I2C2_DO_RESET                 text20       0013DA
__end_of_I2C2_DO_RX                    text30       000B2E
__end_of_I2C2_DO_RX_ACK                text23       00143E
__end_of_I2C2_DO_RX_EMPTY              text28       000A96
__end_of_I2C2_DO_RX_NACK_RESTART       text21       001436
__end_of_I2C2_DO_RX_NACK_STOP          text22       0013E8
__end_of_I2C2_DO_SEND_ADR_READ         text33       0011C2
__end_of_I2C2_DO_SEND_ADR_WRITE        text32       00139C
__end_of_I2C2_DO_SEND_RESTART          text25       001492
__end_of_I2C2_DO_SEND_RESTART_READ     text27       0013BE
__end_of_I2C2_DO_SEND_RESTART_WRITE    text26       001496
__end_of_I2C2_DO_SEND_STOP             text24       001214
__end_of_I2C2_DO_TX                    text31       000954
__end_of_I2C2_DO_TX_ACK                text35       001446
__end_of_I2C2_DO_TX_EMPTY              text29       000D40
__end_of_I2C2_Initialize               text5        001198
__end_of_I2C2_MasterClearCountFlag     text65       00148E
__end_of_I2C2_MasterClearIrq           text69       001400
__end_of_I2C2_MasterClearNackFlag      text64       001488
__end_of_I2C2_MasterClearStopFlag      text63       001482
__end_of_I2C2_MasterClose              text68       0013F4
__end_of_I2C2_MasterDisableIrq         text67       0012BC
__end_of_I2C2_MasterDisableRestart     text58       00147C
__end_of_I2C2_MasterEnableRestart      text57       001476
__end_of_I2C2_MasterFsm                text16       000EF8
__end_of_I2C2_MasterGetCounter         text38       001458
__end_of_I2C2_MasterGetRxData          text43       001470
__end_of_I2C2_MasterIsCountFlagSet     text62       001388
__end_of_I2C2_MasterIsNack             text37       001330
__end_of_I2C2_MasterIsNackFlagSet      text61       001372
__end_of_I2C2_MasterIsRxBufFull        text42       001346
__end_of_I2C2_MasterIsStopFlagSet      text60       00135C
__end_of_I2C2_MasterIsTxBufEmpty       text36       00131A
__end_of_I2C2_MasterOpen               text11       00125A
__end_of_I2C2_MasterOperation          text13       000FF4
__end_of_I2C2_MasterRead               text12       00142E
__end_of_I2C2_MasterResetBus           text44       00140A
__end_of_I2C2_MasterSendAck            text41       00146A
__end_of_I2C2_MasterSendNack           text40       001464
__end_of_I2C2_MasterSendTxData         text45       001414
__end_of_I2C2_MasterSetCounter         text56       00141E
__end_of_I2C2_MasterStop               text39       00145E
__end_of_I2C2_MasterWaitForEvent       text15       000E96
__end_of_I2C2_MasterWrite              text8        001426
__end_of_I2C2_Open                     text10       000BC2
__end_of_I2C2_Poller                   text14       00127C
__end_of_I2C2_ReadNBytes               text9        001086
__end_of_I2C2_SetAddressNackCallback   text7        0012EC
__end_of_I2C2_SetBuffer                text55       00129E
__end_of_I2C2_SetCallback              text54       000CC6
__end_of_I2C2_SetDataCompleteCallback  text53       001304
__end_of_I2C2_WriteNBytes              text6        000F52
__end_of_OSCILLATOR_Initialize         text4        0012D4
__end_of_PIN_MANAGER_Initialize        text3        000C44
__end_of_PMD_Initialize                text2        001238
__end_of_SYSTEM_Initialize             text1        0013AE
__end_of__initialization               cinit        0010B4
__end_of_i2c2_fsmStateTable            smallconst   000827
__end_of_main                          text0        0009F8
__end_of_rd1RegCompleteHandler         text51       001142
__end_of_rd2RegCompleteHandler         text50       001116
__end_of_rdBlkRegCompleteHandler       text48       001040
__end_of_wr1RegCompleteHandler         text49       0010EA
__end_of_wr2RegCompleteHandler         text52       00116E
__initialization                       cinit        001086
__mediumconst                          mediumconst  000000
__pbssCOMRAM                           bssCOMRAM    000001
__pcinit                               cinit        001086
__pcstackCOMRAM                        cstackCOMRAM 00002D
__pdataCOMRAM                          dataCOMRAM   000047
__pidataCOMRAM                         idataCOMRAM  001446
__psmallconst                          smallconst   000800
__ptext0                               text0        000954
__ptext1                               text1        00139C
__ptext10                              text10       000B2E
__ptext11                              text11       001238
__ptext12                              text12       001426
__ptext13                              text13       000FA6
__ptext14                              text14       00125A
__ptext15                              text15       000E28
__ptext16                              text16       000E96
__ptext17                              text17       0013BE
__ptext18                              text18       000D40
__ptext19                              text19       000DB4
__ptext2                               text2        001214
__ptext20                              text20       0013CC
__ptext21                              text21       00142E
__ptext22                              text22       0013DA
__ptext23                              text23       001436
__ptext24                              text24       0011EC
__ptext25                              text25       00148E
__ptext26                              text26       001492
__ptext27                              text27       0013AE
__ptext28                              text28       0009F8
__ptext29                              text29       000CC6
__ptext3                               text3        000BC2
__ptext30                              text30       000A96
__ptext31                              text31       000828
__ptext32                              text32       001388
__ptext33                              text33       001198
__ptext34                              text34       00144C
__ptext35                              text35       00143E
__ptext36                              text36       001304
__ptext37                              text37       00131A
__ptext38                              text38       001452
__ptext39                              text39       001458
__ptext4                               text4        0012BC
__ptext40                              text40       00145E
__ptext41                              text41       001464
__ptext42                              text42       001330
__ptext43                              text43       00146A
__ptext44                              text44       001400
__ptext45                              text45       00140A
__ptext46                              text46       001496
__ptext47                              text47       00149A
__ptext48                              text48       000FF4
__ptext49                              text49       0010BE
__ptext5                               text5        00116E
__ptext50                              text50       0010EA
__ptext51                              text51       001116
__ptext52                              text52       001142
__ptext53                              text53       0012EC
__ptext54                              text54       000C44
__ptext55                              text55       00127C
__ptext56                              text56       001414
__ptext57                              text57       001470
__ptext58                              text58       001476
__ptext59                              text59       000F52
__ptext6                               text6        000EF8
__ptext60                              text60       001346
__ptext61                              text61       00135C
__ptext62                              text62       001372
__ptext63                              text63       00147C
__ptext64                              text64       001482
__ptext65                              text65       001488
__ptext66                              text66       0011C2
__ptext67                              text67       00129E
__ptext68                              text68       0013E8
__ptext69                              text69       0013F4
__ptext7                               text7        0012D4
__ptext70                              text70       000000
__ptext8                               text8        00141E
__ptext9                               text9        001040
__ramtop                               ramtop       000800
__size_of_I2C2_CallbackReturnReset     (abs)        000000
__size_of_I2C2_CallbackReturnStop      (abs)        000000
__size_of_I2C2_ClearInterruptFlags     (abs)        000000
__size_of_I2C2_Close                   (abs)        000000
__size_of_I2C2_DO_ADDRESS_NACK         (abs)        000000
__size_of_I2C2_DO_BUS_COLLISION        (abs)        000000
__size_of_I2C2_DO_BUS_ERROR            (abs)        000000
__size_of_I2C2_DO_IDLE                 (abs)        000000
__size_of_I2C2_DO_RESET                (abs)        000000
__size_of_I2C2_DO_RX                   (abs)        000000
__size_of_I2C2_DO_RX_ACK               (abs)        000000
__size_of_I2C2_DO_RX_EMPTY             (abs)        000000
__size_of_I2C2_DO_RX_NACK_RESTART      (abs)        000000
__size_of_I2C2_DO_RX_NACK_STOP         (abs)        000000
__size_of_I2C2_DO_SEND_ADR_READ        (abs)        000000
__size_of_I2C2_DO_SEND_ADR_WRITE       (abs)        000000
__size_of_I2C2_DO_SEND_RESTART         (abs)        000000
__size_of_I2C2_DO_SEND_RESTART_READ    (abs)        000000
__size_of_I2C2_DO_SEND_RESTART_WRITE   (abs)        000000
__size_of_I2C2_DO_SEND_STOP            (abs)        000000
__size_of_I2C2_DO_TX                   (abs)        000000
__size_of_I2C2_DO_TX_ACK               (abs)        000000
__size_of_I2C2_DO_TX_EMPTY             (abs)        000000
__size_of_I2C2_Initialize              (abs)        000000
__size_of_I2C2_MasterClearCountFlag    (abs)        000000
__size_of_I2C2_MasterClearIrq          (abs)        000000
__size_of_I2C2_MasterClearNackFlag     (abs)        000000
__size_of_I2C2_MasterClearStopFlag     (abs)        000000
__size_of_I2C2_MasterClose             (abs)        000000
__size_of_I2C2_MasterDisableIrq        (abs)        000000
__size_of_I2C2_MasterDisableRestart    (abs)        000000
__size_of_I2C2_MasterEnableRestart     (abs)        000000
__size_of_I2C2_MasterFsm               (abs)        000000
__size_of_I2C2_MasterGetCounter        (abs)        000000
__size_of_I2C2_MasterGetRxData         (abs)        000000
__size_of_I2C2_MasterIsCountFlagSet    (abs)        000000
__size_of_I2C2_MasterIsNack            (abs)        000000
__size_of_I2C2_MasterIsNackFlagSet     (abs)        000000
__size_of_I2C2_MasterIsRxBufFull       (abs)        000000
__size_of_I2C2_MasterIsStopFlagSet     (abs)        000000
__size_of_I2C2_MasterIsTxBufEmpty      (abs)        000000
__size_of_I2C2_MasterOpen              (abs)        000000
__size_of_I2C2_MasterOperation         (abs)        000000
__size_of_I2C2_MasterRead              (abs)        000000
__size_of_I2C2_MasterResetBus          (abs)        000000
__size_of_I2C2_MasterSendAck           (abs)        000000
__size_of_I2C2_MasterSendNack          (abs)        000000
__size_of_I2C2_MasterSendTxData        (abs)        000000
__size_of_I2C2_MasterSetCounter        (abs)        000000
__size_of_I2C2_MasterStop              (abs)        000000
__size_of_I2C2_MasterWaitForEvent      (abs)        000000
__size_of_I2C2_MasterWrite             (abs)        000000
__size_of_I2C2_Open                    (abs)        000000
__size_of_I2C2_Poller                  (abs)        000000
__size_of_I2C2_ReadNBytes              (abs)        000000
__size_of_I2C2_SetAddressNackCallback  (abs)        000000
__size_of_I2C2_SetBuffer               (abs)        000000
__size_of_I2C2_SetCallback             (abs)        000000
__size_of_I2C2_SetDataCompleteCallback (abs)        000000
__size_of_I2C2_WriteNBytes             (abs)        000000
__size_of_OSCILLATOR_Initialize        (abs)        000000
__size_of_PIN_MANAGER_Initialize       (abs)        000000
__size_of_PMD_Initialize               (abs)        000000
__size_of_SYSTEM_Initialize            (abs)        000000
__size_of_main                         (abs)        000000
__size_of_rd1RegCompleteHandler        (abs)        000000
__size_of_rd2RegCompleteHandler        (abs)        000000
__size_of_rdBlkRegCompleteHandler      (abs)        000000
__size_of_wr1RegCompleteHandler        (abs)        000000
__size_of_wr2RegCompleteHandler        (abs)        000000
__smallconst                           smallconst   000800
_i2c2_fsmStateTable                    smallconst   000801
_i2c_memory_config                     bssCOMRAM    000025
_i2c_memory_index                      bssCOMRAM    000027
_i2c_read_data                         bssCOMRAM    000029
_i2c_send_data                         dataCOMRAM   000047
_main                                  text0        000954
_rd1RegCompleteHandler                 text51       001116
_rd2RegCompleteHandler                 text50       0010EA
_rdBlkRegCompleteHandler               text48       000FF4
_wr1RegCompleteHandler                 text49       0010BE
_wr2RegCompleteHandler                 text52       001142
end_of_initialization                  cinit        0010B4
intlevel0                              text         000000
intlevel1                              text         000000
intlevel2                              text         000000
intlevel3                              text         000000
isa$std                                (abs)        000001
isa$xinst                              (abs)        000000
rd1RegCompleteHandler@ptr              cstackCOMRAM 000036
rd2RegCompleteHandler@ptr              cstackCOMRAM 000036
rdBlkRegCompleteHandler@ptr            cstackCOMRAM 000036
stackhi                                (abs)        0007FF
stacklo                                (abs)        000060
start                                  init         007FFC
start_initialization                   cinit        001086
wr1RegCompleteHandler@ptr              cstackCOMRAM 000036
wr2RegCompleteHandler@ptr              cstackCOMRAM 000036


MODULE INFORMATION

Module		Function		Class		Link	Load	Size
mcc_generated_files/examples/i2c2_master_example.c
		_wr1RegCompleteHandler		CODE           	10BE	0000	44
		_wr2RegCompleteHandler		CODE           	1142	0000	44
		_I2C2_ReadNBytes		CODE           	1040	0000	70
		_rdBlkRegCompleteHandler		CODE           	0FF4	0000	76
		_rd1RegCompleteHandler		CODE           	1116	0000	44
		_rd2RegCompleteHandler		CODE           	10EA	0000	44
		_I2C2_WriteNBytes		CODE           	0EF8	0000	90

mcc_generated_files/examples/i2c2_master_example.c estimated size: 412

mcc_generated_files/pin_manager.c
		_PIN_MANAGER_Initialize		CODE           	0BC2	0000	130

mcc_generated_files/pin_manager.c estimated size: 130

mcc_generated_files/i2c2_master.c
		_I2C2_MasterResetBus		CODE           	1400	0000	10
		_I2C2_MasterIsCountFlagSet		CODE           	1372	0000	22
		_I2C2_DO_SEND_ADR_READ		CODE           	1198	0000	42
		_I2C2_DO_RX_NACK_STOP		CODE           	13DA	0000	14
		_I2C2_DO_SEND_RESTART		CODE           	148E	0000	4
		_I2C2_MasterIsNackFlagSet		CODE           	135C	0000	22
		_I2C2_DO_RX_EMPTY		CODE           	09F8	0000	158
		_I2C2_DO_TX_EMPTY		CODE           	0CC6	0000	122
		_I2C2_DO_SEND_RESTART_READ		CODE           	13AE	0000	16
		_I2C2_MasterClearNackFlag		CODE           	1482	0000	6
		_I2C2_CallbackReturnStop		CODE           	149A	0000	4
		_I2C2_MasterRead		CODE           	1426	0000	8
		_I2C2_DO_RX    		CODE           	0A96	0000	152
		_I2C2_DO_TX    		CODE           	0828	0000	300
		_I2C2_SetAddressNackCallback		CODE           	12D4	0000	24
		_I2C2_DO_IDLE  		CODE           	144C	0000	6
		_I2C2_MasterOpen		CODE           	1238	0000	34
		_I2C2_MasterSendTxData		CODE           	140A	0000	10
		_I2C2_MasterStop		CODE           	1458	0000	6
		_I2C2_MasterIsStopFlagSet		CODE           	1346	0000	22
		_I2C2_CallbackReturnReset		CODE           	1496	0000	4
		_I2C2_DO_RESET 		CODE           	13CC	0000	14
		_I2C2_Poller   		CODE           	125A	0000	34
		_I2C2_DO_RX_ACK		CODE           	1436	0000	8
		_I2C2_DO_TX_ACK		CODE           	143E	0000	8
		_I2C2_MasterWaitForEvent		CODE           	0E28	0000	110
		_I2C2_MasterSendNack		CODE           	145E	0000	6
		_I2C2_DO_RX_NACK_RESTART		CODE           	142E	0000	8
		_I2C2_MasterDisableIrq		CODE           	129E	0000	30
		_I2C2_ClearInterruptFlags		CODE           	0F52	0000	84
		_I2C2_MasterOperation		CODE           	0FA6	0000	78
		_I2C2_MasterClearStopFlag		CODE           	147C	0000	6
		_I2C2_SetCallback		CODE           	0C44	0000	130
		_I2C2_MasterEnableRestart		CODE           	1470	0000	6
		_I2C2_MasterGetCounter		CODE           	1452	0000	6
		_I2C2_MasterSetCounter		CODE           	1414	0000	10
		_I2C2_Open     		CODE           	0B2E	0000	148
		_I2C2_DO_ADDRESS_NACK		CODE           	0DB4	0000	116
		_I2C2_MasterDisableRestart		CODE           	1476	0000	6
		_I2C2_MasterClearCountFlag		CODE           	1488	0000	6
		_I2C2_SetBuffer		CODE           	127C	0000	34
		_I2C2_DO_SEND_RESTART_WRITE		CODE           	1492	0000	4
		_I2C2_MasterIsTxBufEmpty		CODE           	1304	0000	22
		_I2C2_MasterClose		CODE           	13E8	0000	12
		_I2C2_MasterWrite		CODE           	141E	0000	8
		_I2C2_Initialize		CODE           	116E	0000	42
		_I2C2_Close    		CODE           	11C2	0000	42
		_I2C2_MasterIsRxBufFull		CODE           	1330	0000	22
		_I2C2_MasterIsNack		CODE           	131A	0000	22
		_I2C2_DO_SEND_ADR_WRITE		CODE           	1388	0000	20
		_I2C2_MasterClearIrq		CODE           	13F4	0000	12
		_I2C2_SetDataCompleteCallback		CODE           	12EC	0000	24
		_I2C2_DO_SEND_STOP		CODE           	11EC	0000	40
		_I2C2_DO_BUS_COLLISION		CODE           	0D40	0000	116
		_I2C2_DO_BUS_ERROR		CODE           	13BE	0000	14
		_I2C2_MasterSendAck		CODE           	1464	0000	6
		_I2C2_MasterFsm		CODE           	0E96	0000	98
		_I2C2_MasterGetRxData		CODE           	146A	0000	6

mcc_generated_files/i2c2_master.c estimated size: 2344

shared
		__initialization		CODE           	1086	0000	46
		_i2c2_fsmStateTable		SMALLCONST     	0801	0000	38

shared estimated size: 84

mcc_generated_files/mcc.c
		_PMD_Initialize		CODE           	1214	0000	36
		_OSCILLATOR_Initialize		CODE           	12BC	0000	24
		_SYSTEM_Initialize		CODE           	139C	0000	18

mcc_generated_files/mcc.c estimated size: 78

main.c
		_main          		CODE           	0954	0000	164

main.c estimated size: 164

