Microchip MPLAB XC8 Compiler V2.32

Linker command line:

-W-3 --edf=C:\Program Files\Microchip\xc8\v2.32\pic\dat\en_msgs.txt -cn \
  -h+dist/default/production\XC8-MCC-18F25K83_i2c_test.X.production.sym \
  --cmf=dist/default/production\XC8-MCC-18F25K83_i2c_test.X.production.cmf \
  -z -Q18F25K83 -oC:\Users\Pedro\AppData\Local\Temp\xcAs874.4 \
  --defsym=__MPLAB_BUILD=1 \
  -Mdist/default/production/XC8-MCC-18F25K83_i2c_test.X.production.map -E1 \
  -ver=XC8 Compiler --acfsm=1493 -ASTACK=060h-07FFh -pstack=STACK \
  -ACODE=00h-07FFFh -ACONST=00h-07FFFh -ASMALLCONST=0800h-08FFhx120 \
  -AMEDIUMCONST=0800h-07FFFh -ACOMRAM=01h-05Fh -AABS1=00h-07FFh \
  -ABIGRAM=01h-07FFh -ARAM=060h-0FFh,0100h-01FFhx7 -ABANK0=060h-0FFh \
  -ABANK1=0100h-01FFh -ABANK2=0200h-02FFh -ABANK3=0300h-03FFh \
  -ABANK4=0400h-04FFh -ABANK5=0500h-05FFh -ABANK6=0600h-06FFh \
  -ABANK7=0700h-07FFh -ASFR=03700h-037FFhx8,03F00h-03F5Fh,03F60h-03FFFh \
  -ACONFIG=0300000h-0300009h -AIDLOC=0200000h-020000Fh \
  -AEEDATA=0310000h-03103FFh -peeprom_data=EEDATA -preset_vec=00h \
  -ppowerup=CODE,init -pramtop=0800h -psmallconst=SMALLCONST \
  -pmediumconst=MEDIUMCONST -pconst=CONST -AFARRAM=00h-00h \
  -prdata=COMRAM,nvrram=COMRAM,nvbit=COMRAM,rbss=COMRAM,rbit=COMRAM \
  -pfarbss=FARRAM,fardata=FARRAM,nvFARRAM=FARRAM \
  -pintsave_regs=BIGRAM,bigbss=BIGRAM,bigdata=BIGRAM -pbss=RAM \
  -pidata=CODE,irdata=CODE,ibigdata=CODE,ifardata=CODE -prparam=COMRAM \
  C:\Users\Pedro\AppData\Local\Temp\xcAs874.o \
  dist/default/production\XC8-MCC-18F25K83_i2c_test.X.production.o 

Object code version is 3.11

Machine type is 18F25K83



                Name                               Link     Load   Length Selector   Space Scale
C:\Users\Pedro\AppData\Local\Temp\xcAs874.o
                idloc                            200000   200000       10        0       5
                config                           300000   300000        A        0       4
                init                               7FFC     7FFC        4     3FFE       0
                reset_vec                             0        0        4        0       0
dist/default/production\XC8-MCC-18F25K83_i2c_test.X.production.o
                idloc                            200000   200000       10        0       5
                config                           300000   300000        A        0       4
                smallconst                          800      800       28      400       0
                text67                             1364     1364        8      414       0
                text66                             1310     1310        C      414       0
                text65                             11A2     11A2       1E      414       0
                text64                             10C6     10C6       2A      414       0
                text63                             13A2     13A2        6      414       0
                text62                             139C     139C        6      414       0
                text61                             1396     1396        6      414       0
                text60                             1292     1292       16      414       0
                text59                             127C     127C       16      414       0
                text58                             1266     1266       16      414       0
                text57                              ECA      ECA       52      414       0
                text56                             1180     1180       22      414       0
                text55                              B10      B10       82      414       0
                text54                             120C     120C       18      414       0
                text53                             1070     1070       2C      414       0
                text52                             1044     1044       2C      414       0
                text51                             1018     1018       2C      414       0
                text50                              FEC      FEC       2C      414       0
                text49                              F68      F68       4C      414       0
                text48                             13B4     13B4        4      414       0
                text47                             13B0     13B0        4      414       0
                text46                             133A     133A        A      414       0
                text45                             1390     1390        6      414       0
                text44                             138A     138A        6      414       0
                text43                             1330     1330        A      414       0
                text42                             1326     1326        A      414       0
                text41                             1384     1384        6      414       0
                text40                             1250     1250       16      414       0
                text39                             137E     137E        6      414       0
                text38                             1378     1378        6      414       0
                text37                             1372     1372        6      414       0
                text36                             136C     136C        6      414       0
                text35                             123A     123A       16      414       0
                text34                             1224     1224       16      414       0
                text33                             135C     135C        8      414       0
                text32                             131C     131C        A      414       0
                text31                             109C     109C       2A      414       0
                text30                             12A8     12A8       14      414       0
                text29                              828      828      124      414       0
                text28                              9EA      9EA       98      414       0
                text27                              B92      B92       7A      414       0
                text26                              94C      94C       9E      414       0
                text25                             1304     1304        C      414       0
                text24                             13AC     13AC        4      414       0
                text23                             13A8     13A8        4      414       0
                text22                             10F0     10F0       28      414       0
                text21                             1354     1354        8      414       0
                text20                             12EA     12EA        E      414       0
                text19                             134C     134C        8      414       0
                text18                             12DC     12DC        E      414       0
                text17                              C80      C80       6C      414       0
                text16                              C0C      C0C       74      414       0
                text15                             12CE     12CE        E      414       0
                text14                              DB2      DB2       62      414       0
                text13                              E14      E14       5C      414       0
                text12                             11C0     11C0       1C      414       0
                text11                              F1C      F1C       4C      414       0
                text10                             1344     1344        8      414       0
                text9                              115E     115E       22      414       0
                text8                               A82      A82       8E      414       0
                text7                              11F4     11F4       18      414       0
                text6                               E70      E70       5A      414       0
                text5                              113C     113C       22      414       0
                text4                              11DC     11DC       18      414       0
                text3                               D50      D50       62      414       0
                text2                              1118     1118       24      414       0
                text1                              12BC     12BC       12      414       0
                text0                               CEC      CEC       64      414       0
                cstackCOMRAM                         2F       2F       1A        1       1
                dataCOMRAM                           49       49        C        1       1
                bssCOMRAM                             1        1       2E        1       1
                cinit                               FB4      FB4       38      414       0
                idataCOMRAM                        12F8     12F8        C      414       0

TOTAL           Name                               Link     Load   Length     Space
        CLASS   STACK          

        CLASS   CODE           
                init                               7FFC     7FFC        4         0
                reset_vec                             0        0        4         0
                text67                             1364     1364        8         0
                text66                             1310     1310        C         0
                text65                             11A2     11A2       1E         0
                text64                             10C6     10C6       2A         0
                text63                             13A2     13A2        6         0
                text62                             139C     139C        6         0
                text61                             1396     1396        6         0
                text60                             1292     1292       16         0
                text59                             127C     127C       16         0
                text58                             1266     1266       16         0
                text57                              ECA      ECA       52         0
                text56                             1180     1180       22         0
                text55                              B10      B10       82         0
                text54                             120C     120C       18         0
                text53                             1070     1070       2C         0
                text52                             1044     1044       2C         0
                text51                             1018     1018       2C         0
                text50                              FEC      FEC       2C         0
                text49                              F68      F68       4C         0
                text48                             13B4     13B4        4         0
                text47                             13B0     13B0        4         0
                text46                             133A     133A        A         0
                text45                             1390     1390        6         0
                text44                             138A     138A        6         0
                text43                             1330     1330        A         0
                text42                             1326     1326        A         0
                text41                             1384     1384        6         0
                text40                             1250     1250       16         0
                text39                             137E     137E        6         0
                text38                             1378     1378        6         0
                text37                             1372     1372        6         0
                text36                             136C     136C        6         0
                text35                             123A     123A       16         0
                text34                             1224     1224       16         0
                text33                             135C     135C        8         0
                text32                             131C     131C        A         0
                text31                             109C     109C       2A         0
                text30                             12A8     12A8       14         0
                text29                              828      828      124         0
                text28                              9EA      9EA       98         0
                text27                              B92      B92       7A         0
                text26                              94C      94C       9E         0
                text25                             1304     1304        C         0
                text24                             13AC     13AC        4         0
                text23                             13A8     13A8        4         0
                text22                             10F0     10F0       28         0
                text21                             1354     1354        8         0
                text20                             12EA     12EA        E         0
                text19                             134C     134C        8         0
                text18                             12DC     12DC        E         0
                text17                              C80      C80       6C         0
                text16                              C0C      C0C       74         0
                text15                             12CE     12CE        E         0
                text14                              DB2      DB2       62         0
                text13                              E14      E14       5C         0
                text12                             11C0     11C0       1C         0
                text11                              F1C      F1C       4C         0
                text10                             1344     1344        8         0
                text9                              115E     115E       22         0
                text8                               A82      A82       8E         0
                text7                              11F4     11F4       18         0
                text6                               E70      E70       5A         0
                text5                              113C     113C       22         0
                text4                              11DC     11DC       18         0
                text3                               D50      D50       62         0
                text2                              1118     1118       24         0
                text1                              12BC     12BC       12         0
                text0                               CEC      CEC       64         0
                cinit                               FB4      FB4       38         0
                idataCOMRAM                        12F8     12F8        C         0

        CLASS   CONST          

        CLASS   SMALLCONST     
                smallconst                          800      800       28         0

        CLASS   MEDIUMCONST    

        CLASS   COMRAM         
                cstackCOMRAM                         2F       2F       1A         1
                dataCOMRAM                           49       49        C         1
                bssCOMRAM                             1        1       2E         1

        CLASS   ABS1           

        CLASS   BIGRAM         

        CLASS   RAM            

        CLASS   BANK0          

        CLASS   BANK1          

        CLASS   BANK2          

        CLASS   BANK3          

        CLASS   BANK4          

        CLASS   BANK5          

        CLASS   BANK6          

        CLASS   BANK7          

        CLASS   SFR            

        CLASS   CONFIG         
                config                           300000   300000        A         4

        CLASS   IDLOC          
                idloc                            200000   200000       10         5

        CLASS   EEDATA         

        CLASS   FARRAM         



SEGMENTS        Name                           Load    Length   Top    Selector   Space  Class

                reset_vec                      000000  000004  000004         0       0  CODE    
                bssCOMRAM                      000001  000054  000055         1       1  COMRAM  
                smallconst                     000800  000028  000828       400       0  SMALLCON
                text29                         000828  000B90  0013B8       414       0  CODE    
                init                           007FFC  000004  008000      3FFE       0  CODE    


UNUSED ADDRESS RANGES

        Name                Unused          Largest block    Delta
        BANK0            000060-0000FF               A0
        BANK1            000100-0001FF              100
        BANK2            000200-0002FF              100
        BANK3            000300-0003FF              100
        BANK4            000400-0004FF              100
        BANK5            000500-0005FF              100
        BANK6            000600-0006FF              100
        BANK7            000700-0007FF              100
        BIGRAM           000055-0007FF              7AB
        CODE             000004-0007FF              7FC
                         0013B8-007FFB             6C44
        COMRAM           000055-00005F                B
        CONST            000004-0007FF              7FC
                         0013B8-007FFB             6C44
        EEDATA           310000-3103FF              400
        MEDIUMCONST      0013B8-007FFB             6C44
        RAM              000060-0007FF              100
        SFR              003700-003FFF              100
        SMALLCONST       0013B8-007FFB              100
        STACK            000060-0007FF              7A0

                                  Symbol Table

I2C2_CallbackReturnReset@funPtr        cstackCOMRAM 000038
I2C2_Close@returnValue                 cstackCOMRAM 00002F
I2C2_DO_RX@retFsmState                 cstackCOMRAM 00003E
I2C2_DO_TX@dataTx                      cstackCOMRAM 00003E
I2C2_DO_TX@retFsmState                 cstackCOMRAM 00003F
I2C2_MasterOperation@read              cstackCOMRAM 000040
I2C2_MasterOperation@returnValue       cstackCOMRAM 000041
I2C2_MasterSendTxData@data             cstackCOMRAM 00002F
I2C2_MasterSetCounter@counter          cstackCOMRAM 00002F
I2C2_Open@address                      cstackCOMRAM 00002F
I2C2_Open@returnValue                  cstackCOMRAM 000030
I2C2_SetAddressNackCallback@cb         cstackCOMRAM 000034
I2C2_SetAddressNackCallback@ptr        cstackCOMRAM 000036
I2C2_SetBuffer@buffer                  cstackCOMRAM 00002F
I2C2_SetBuffer@bufferSize              cstackCOMRAM 000031
I2C2_SetCallback@cb                    cstackCOMRAM 00002F
I2C2_SetCallback@idx                   cstackCOMRAM 000033
I2C2_SetCallback@ptr                   cstackCOMRAM 000031
I2C2_SetDataCompleteCallback@cb        cstackCOMRAM 000034
I2C2_SetDataCompleteCallback@ptr       cstackCOMRAM 000036
I2C2_WriteNBytes@address               cstackCOMRAM 000046
I2C2_WriteNBytes@data                  cstackCOMRAM 000042
I2C2_WriteNBytes@len                   cstackCOMRAM 000044
_ANSELA                                (abs)        003A40
_ANSELB                                (abs)        003A50
_ANSELC                                (abs)        003A60
_I2C2CLK                               (abs)        003D65
_I2C2CNT                               (abs)        003D56
_I2C2CON0                              (abs)        003D5D
_I2C2CON0bits                          (abs)        003D5D
_I2C2CON1                              (abs)        003D5E
_I2C2CON1bits                          (abs)        003D5E
_I2C2CON2                              (abs)        003D5F
_I2C2ERR                               (abs)        003D60
_I2C2ERRbits                           (abs)        003D60
_I2C2PIE                               (abs)        003D64
_I2C2PIEbits                           (abs)        003D64
_I2C2PIR                               (abs)        003D63
_I2C2PIRbits                           (abs)        003D63
_I2C2RXB                               (abs)        003D54
_I2C2SCLPPS                            (abs)        003AE5
_I2C2SDAPPS                            (abs)        003AE6
_I2C2STAT1bits                         (abs)        003D62
_I2C2TXB                               (abs)        003D55
_I2C2_CallbackReturnReset              text47       0013B0
_I2C2_CallbackReturnStop               text48       0013B4
_I2C2_ClearInterruptFlags              text57       000ECA
_I2C2_Close                            text64       0010C6
_I2C2_DO_ADDRESS_NACK                  text17       000C80
_I2C2_DO_BUS_COLLISION                 text16       000C0C
_I2C2_DO_BUS_ERROR                     text15       0012CE
_I2C2_DO_IDLE                          text32       00131C
_I2C2_DO_RESET                         text18       0012DC
_I2C2_DO_RX                            text28       0009EA
_I2C2_DO_RX_ACK                        text21       001354
_I2C2_DO_RX_EMPTY                      text26       00094C
_I2C2_DO_RX_NACK_RESTART               text19       00134C
_I2C2_DO_RX_NACK_STOP                  text20       0012EA
_I2C2_DO_SEND_ADR_READ                 text31       00109C
_I2C2_DO_SEND_ADR_WRITE                text30       0012A8
_I2C2_DO_SEND_RESTART                  text23       0013A8
_I2C2_DO_SEND_RESTART_READ             text25       001304
_I2C2_DO_SEND_RESTART_WRITE            text24       0013AC
_I2C2_DO_SEND_STOP                     text22       0010F0
_I2C2_DO_TX                            text29       000828
_I2C2_DO_TX$861                        cstackCOMRAM 00003C
_I2C2_DO_TX_ACK                        text33       00135C
_I2C2_DO_TX_EMPTY                      text27       000B92
_I2C2_Initialize                       text5        00113C
_I2C2_MasterClearCountFlag             text63       0013A2
_I2C2_MasterClearIrq                   text67       001364
_I2C2_MasterClearNackFlag              text62       00139C
_I2C2_MasterClearStopFlag              text61       001396
_I2C2_MasterClose                      text66       001310
_I2C2_MasterDisableIrq                 text65       0011A2
_I2C2_MasterDisableRestart             text45       001390
_I2C2_MasterEnableRestart              text44       00138A
_I2C2_MasterFsm                        text14       000DB2
_I2C2_MasterGetCounter                 text36       00136C
_I2C2_MasterGetRxData                  text41       001384
_I2C2_MasterIsCountFlagSet             text60       001292
_I2C2_MasterIsNack                     text35       00123A
_I2C2_MasterIsNackFlagSet              text59       00127C
_I2C2_MasterIsRxBufFull                text40       001250
_I2C2_MasterIsStopFlagSet              text58       001266
_I2C2_MasterIsTxBufEmpty               text34       001224
_I2C2_MasterOpen                       text9        00115E
_I2C2_MasterOperation                  text11       000F1C
_I2C2_MasterResetBus                   text46       00133A
_I2C2_MasterSendAck                    text39       00137E
_I2C2_MasterSendNack                   text38       001378
_I2C2_MasterSendTxData                 text42       001326
_I2C2_MasterSetCounter                 text43       001330
_I2C2_MasterStop                       text37       001372
_I2C2_MasterWaitForEvent               text13       000E14
_I2C2_MasterWrite                      text10       001344
_I2C2_Open                             text8        000A82
_I2C2_Poller                           text12       0011C0
_I2C2_SetAddressNackCallback           text7        0011F4
_I2C2_SetBuffer                        text56       001180
_I2C2_SetCallback                      text55       000B10
_I2C2_SetDataCompleteCallback          text54       00120C
_I2C2_Status                           bssCOMRAM    000001
_I2C2_WriteNBytes                      text6        000E70
_INLVLA                                (abs)        003A44
_INLVLB                                (abs)        003A54
_INLVLC                                (abs)        003A64
_INLVLE                                (abs)        003A84
_LATA                                  (abs)        003FBA
_LATB                                  (abs)        003FBB
_LATBbits                              (abs)        003FBB
_LATC                                  (abs)        003FBC
_LATCbits                              (abs)        003FBC
_ODCONA                                (abs)        003A42
_ODCONB                                (abs)        003A52
_ODCONC                                (abs)        003A62
_OSCCON1                               (abs)        0039D9
_OSCCON3                               (abs)        0039DB
_OSCEN                                 (abs)        0039DD
_OSCFRQ                                (abs)        0039DF
_OSCILLATOR_Initialize                 text4        0011DC
_OSCTUNE                               (abs)        0039DE
_PIE7bits                              (abs)        003997
_PIN_MANAGER_Initialize                text3        000D50
_PIR7bits                              (abs)        0039A7
_PMD0                                  (abs)        0039C0
_PMD1                                  (abs)        0039C1
_PMD2                                  (abs)        0039C2
_PMD3                                  (abs)        0039C3
_PMD4                                  (abs)        0039C4
_PMD5                                  (abs)        0039C5
_PMD6                                  (abs)        0039C6
_PMD7                                  (abs)        0039C7
_PMD_Initialize                        text2        001118
_RB1PPS                                (abs)        003A09
_RB2PPS                                (abs)        003A0A
_SLRCONA                               (abs)        003A43
_SLRCONB                               (abs)        003A53
_SLRCONC                               (abs)        003A63
_SYSTEM_Initialize                     text1        0012BC
_TRISA                                 (abs)        003FC2
_TRISB                                 (abs)        003FC3
_TRISC                                 (abs)        003FC4
_WPUA                                  (abs)        003A41
_WPUB                                  (abs)        003A51
_WPUC                                  (abs)        003A61
_WPUE                                  (abs)        003A81
__HRAM                                 (abs)        000000
__Habs1                                abs1         000000
__Hbank0                               bank0        000000
__Hbank1                               bank1        000000
__Hbank2                               bank2        000000
__Hbank3                               bank3        000000
__Hbank4                               bank4        000000
__Hbank5                               bank5        000000
__Hbank6                               bank6        000000
__Hbank7                               bank7        000000
__Hbigbss                              bigbss       000000
__Hbigdata                             bigdata      000000
__Hbigram                              bigram       000000
__Hbss                                 bss          000000
__HbssCOMRAM                           bssCOMRAM    000000
__Hcinit                               cinit        000000
__Hclrtext                             clrtext      000000
__Hcomram                              comram       000000
__Hconfig                              config       30000A
__Hconst                               const        000000
__HcstackCOMRAM                        cstackCOMRAM 000000
__Hdata                                data         000000
__HdataCOMRAM                          dataCOMRAM   000000
__Heeprom_data                         eeprom_data  000000
__Hfarbss                              farbss       000000
__Hfardata                             fardata      000000
__Hibigdata                            ibigdata     000000
__Hidata                               idata        000000
__HidataCOMRAM                         idataCOMRAM  000000
__Hidloc                               idloc        200010
__Hifardata                            ifardata     000000
__Hinit                                init         008000
__Hintsave_regs                        intsave_regs 000000
__Hirdata                              irdata       000000
__Hmediumconst                         mediumconst  000000
__HnvFARRAM                            nvFARRAM     000000
__Hnvbit                               nvbit        000000
__Hnvrram                              nvrram       000000
__Hparam                               rparam       000000
__Hpowerup                             powerup      000000
__Hram                                 ram          000000
__Hramtop                              ramtop       000800
__Hrbit                                rbit         000000
__Hrbss                                rbss         000000
__Hrdata                               rdata        000000
__Hreset_vec                           reset_vec    000004
__Hrparam                              rparam       000000
__Hsfr                                 sfr          000000
__Hsmallconst                          smallconst   000828
__Hspace_0                             (abs)        008000
__Hspace_1                             (abs)        000055
__Hspace_2                             (abs)        000000
__Hspace_4                             (abs)        60000A
__Hstack                               stack        000000
__Hstruct                              struct       000000
__Htemp                                temp         000000
__Htext                                text         000000
__Htext0                               text0        000000
__Htext1                               text1        000000
__Htext10                              text10       000000
__Htext11                              text11       000000
__Htext12                              text12       000000
__Htext13                              text13       000000
__Htext14                              text14       000000
__Htext15                              text15       000000
__Htext16                              text16       000000
__Htext17                              text17       000000
__Htext18                              text18       000000
__Htext19                              text19       000000
__Htext2                               text2        000000
__Htext20                              text20       000000
__Htext21                              text21       000000
__Htext22                              text22       000000
__Htext23                              text23       000000
__Htext24                              text24       000000
__Htext25                              text25       000000
__Htext26                              text26       000000
__Htext27                              text27       000000
__Htext28                              text28       000000
__Htext29                              text29       000000
__Htext3                               text3        000000
__Htext30                              text30       000000
__Htext31                              text31       000000
__Htext32                              text32       000000
__Htext33                              text33       000000
__Htext34                              text34       000000
__Htext35                              text35       000000
__Htext36                              text36       000000
__Htext37                              text37       000000
__Htext38                              text38       000000
__Htext39                              text39       000000
__Htext4                               text4        000000
__Htext40                              text40       000000
__Htext41                              text41       000000
__Htext42                              text42       000000
__Htext43                              text43       000000
__Htext44                              text44       000000
__Htext45                              text45       000000
__Htext46                              text46       000000
__Htext47                              text47       000000
__Htext48                              text48       000000
__Htext49                              text49       000000
__Htext5                               text5        000000
__Htext50                              text50       000000
__Htext51                              text51       000000
__Htext52                              text52       000000
__Htext53                              text53       000000
__Htext54                              text54       000000
__Htext55                              text55       000000
__Htext56                              text56       000000
__Htext57                              text57       000000
__Htext58                              text58       000000
__Htext59                              text59       000000
__Htext6                               text6        000000
__Htext60                              text60       000000
__Htext61                              text61       000000
__Htext62                              text62       000000
__Htext63                              text63       000000
__Htext64                              text64       000000
__Htext65                              text65       000000
__Htext66                              text66       000000
__Htext67                              text67       000000
__Htext68                              text68       000000
__Htext7                               text7        000000
__Htext8                               text8        000000
__Htext9                               text9        000000
__LRAM                                 (abs)        000001
__Labs1                                abs1         000000
__Lbank0                               bank0        000000
__Lbank1                               bank1        000000
__Lbank2                               bank2        000000
__Lbank3                               bank3        000000
__Lbank4                               bank4        000000
__Lbank5                               bank5        000000
__Lbank6                               bank6        000000
__Lbank7                               bank7        000000
__Lbigbss                              bigbss       000000
__Lbigdata                             bigdata      000000
__Lbigram                              bigram       000000
__Lbss                                 bss          000000
__LbssCOMRAM                           bssCOMRAM    000000
__Lcinit                               cinit        000000
__Lclrtext                             clrtext      000000
__Lcomram                              comram       000000
__Lconfig                              config       000000
__Lconst                               const        000000
__LcstackCOMRAM                        cstackCOMRAM 000000
__Ldata                                data         000000
__LdataCOMRAM                          dataCOMRAM   000000
__Leeprom_data                         eeprom_data  000000
__Lfarbss                              farbss       000000
__Lfardata                             fardata      000000
__Libigdata                            ibigdata     000000
__Lidata                               idata        000000
__LidataCOMRAM                         idataCOMRAM  000000
__Lidloc                               idloc        000000
__Lifardata                            ifardata     000000
__Linit                                init         007FFC
__Lintsave_regs                        intsave_regs 000000
__Lirdata                              irdata       000000
__Lmediumconst                         mediumconst  000000
__LnvFARRAM                            nvFARRAM     000000
__Lnvbit                               nvbit        000000
__Lnvrram                              nvrram       000000
__Lparam                               rparam       000000
__Lpowerup                             powerup      000000
__Lram                                 ram          000000
__Lramtop                              ramtop       000800
__Lrbit                                rbit         000000
__Lrbss                                rbss         000000
__Lrdata                               rdata        000000
__Lreset_vec                           reset_vec    000000
__Lrparam                              rparam       000000
__Lsfr                                 sfr          000000
__Lsmallconst                          smallconst   000800
__Lspace_0                             (abs)        000000
__Lspace_1                             (abs)        000000
__Lspace_2                             (abs)        000000
__Lspace_4                             (abs)        000000
__Lstack                               stack        000000
__Lstruct                              struct       000000
__Ltemp                                temp         000000
__Ltext                                text         000000
__Ltext0                               text0        000000
__Ltext1                               text1        000000
__Ltext10                              text10       000000
__Ltext11                              text11       000000
__Ltext12                              text12       000000
__Ltext13                              text13       000000
__Ltext14                              text14       000000
__Ltext15                              text15       000000
__Ltext16                              text16       000000
__Ltext17                              text17       000000
__Ltext18                              text18       000000
__Ltext19                              text19       000000
__Ltext2                               text2        000000
__Ltext20                              text20       000000
__Ltext21                              text21       000000
__Ltext22                              text22       000000
__Ltext23                              text23       000000
__Ltext24                              text24       000000
__Ltext25                              text25       000000
__Ltext26                              text26       000000
__Ltext27                              text27       000000
__Ltext28                              text28       000000
__Ltext29                              text29       000000
__Ltext3                               text3        000000
__Ltext30                              text30       000000
__Ltext31                              text31       000000
__Ltext32                              text32       000000
__Ltext33                              text33       000000
__Ltext34                              text34       000000
__Ltext35                              text35       000000
__Ltext36                              text36       000000
__Ltext37                              text37       000000
__Ltext38                              text38       000000
__Ltext39                              text39       000000
__Ltext4                               text4        000000
__Ltext40                              text40       000000
__Ltext41                              text41       000000
__Ltext42                              text42       000000
__Ltext43                              text43       000000
__Ltext44                              text44       000000
__Ltext45                              text45       000000
__Ltext46                              text46       000000
__Ltext47                              text47       000000
__Ltext48                              text48       000000
__Ltext49                              text49       000000
__Ltext5                               text5        000000
__Ltext50                              text50       000000
__Ltext51                              text51       000000
__Ltext52                              text52       000000
__Ltext53                              text53       000000
__Ltext54                              text54       000000
__Ltext55                              text55       000000
__Ltext56                              text56       000000
__Ltext57                              text57       000000
__Ltext58                              text58       000000
__Ltext59                              text59       000000
__Ltext6                               text6        000000
__Ltext60                              text60       000000
__Ltext61                              text61       000000
__Ltext62                              text62       000000
__Ltext63                              text63       000000
__Ltext64                              text64       000000
__Ltext65                              text65       000000
__Ltext66                              text66       000000
__Ltext67                              text67       000000
__Ltext68                              text68       000000
__Ltext7                               text7        000000
__Ltext8                               text8        000000
__Ltext9                               text9        000000
__S0                                   (abs)        008000
__S1                                   (abs)        000055
__S2                                   (abs)        000000
__S4                                   (abs)        000000
__S5                                   (abs)        000000
___inthi_sp                            stack        000000
___intlo_sp                            stack        000000
___param_bank                          (abs)        000000
___rparam_used                         (abs)        000001
___sp                                  stack        000000
__accesstop                            (abs)        000060
__activetblptr                         (abs)        000002
__end_of_I2C2_CallbackReturnReset      text47       0013B4
__end_of_I2C2_CallbackReturnStop       text48       0013B8
__end_of_I2C2_ClearInterruptFlags      text57       000F1C
__end_of_I2C2_Close                    text64       0010F0
__end_of_I2C2_DO_ADDRESS_NACK          text17       000CEC
__end_of_I2C2_DO_BUS_COLLISION         text16       000C80
__end_of_I2C2_DO_BUS_ERROR             text15       0012DC
__end_of_I2C2_DO_IDLE                  text32       001326
__end_of_I2C2_DO_RESET                 text18       0012EA
__end_of_I2C2_DO_RX                    text28       000A82
__end_of_I2C2_DO_RX_ACK                text21       00135C
__end_of_I2C2_DO_RX_EMPTY              text26       0009EA
__end_of_I2C2_DO_RX_NACK_RESTART       text19       001354
__end_of_I2C2_DO_RX_NACK_STOP          text20       0012F8
__end_of_I2C2_DO_SEND_ADR_READ         text31       0010C6
__end_of_I2C2_DO_SEND_ADR_WRITE        text30       0012BC
__end_of_I2C2_DO_SEND_RESTART          text23       0013AC
__end_of_I2C2_DO_SEND_RESTART_READ     text25       001310
__end_of_I2C2_DO_SEND_RESTART_WRITE    text24       0013B0
__end_of_I2C2_DO_SEND_STOP             text22       001118
__end_of_I2C2_DO_TX                    text29       00094C
__end_of_I2C2_DO_TX_ACK                text33       001364
__end_of_I2C2_DO_TX_EMPTY              text27       000C0C
__end_of_I2C2_Initialize               text5        00115E
__end_of_I2C2_MasterClearCountFlag     text63       0013A8
__end_of_I2C2_MasterClearIrq           text67       00136C
__end_of_I2C2_MasterClearNackFlag      text62       0013A2
__end_of_I2C2_MasterClearStopFlag      text61       00139C
__end_of_I2C2_MasterClose              text66       00131C
__end_of_I2C2_MasterDisableIrq         text65       0011C0
__end_of_I2C2_MasterDisableRestart     text45       001396
__end_of_I2C2_MasterEnableRestart      text44       001390
__end_of_I2C2_MasterFsm                text14       000E14
__end_of_I2C2_MasterGetCounter         text36       001372
__end_of_I2C2_MasterGetRxData          text41       00138A
__end_of_I2C2_MasterIsCountFlagSet     text60       0012A8
__end_of_I2C2_MasterIsNack             text35       001250
__end_of_I2C2_MasterIsNackFlagSet      text59       001292
__end_of_I2C2_MasterIsRxBufFull        text40       001266
__end_of_I2C2_MasterIsStopFlagSet      text58       00127C
__end_of_I2C2_MasterIsTxBufEmpty       text34       00123A
__end_of_I2C2_MasterOpen               text9        001180
__end_of_I2C2_MasterOperation          text11       000F68
__end_of_I2C2_MasterResetBus           text46       001344
__end_of_I2C2_MasterSendAck            text39       001384
__end_of_I2C2_MasterSendNack           text38       00137E
__end_of_I2C2_MasterSendTxData         text42       001330
__end_of_I2C2_MasterSetCounter         text43       00133A
__end_of_I2C2_MasterStop               text37       001378
__end_of_I2C2_MasterWaitForEvent       text13       000E70
__end_of_I2C2_MasterWrite              text10       00134C
__end_of_I2C2_Open                     text8        000B10
__end_of_I2C2_Poller                   text12       0011DC
__end_of_I2C2_SetAddressNackCallback   text7        00120C
__end_of_I2C2_SetBuffer                text56       0011A2
__end_of_I2C2_SetCallback              text55       000B92
__end_of_I2C2_SetDataCompleteCallback  text54       001224
__end_of_I2C2_WriteNBytes              text6        000ECA
__end_of_OSCILLATOR_Initialize         text4        0011F4
__end_of_PIN_MANAGER_Initialize        text3        000DB2
__end_of_PMD_Initialize                text2        00113C
__end_of_SYSTEM_Initialize             text1        0012CE
__end_of__initialization               cinit        000FE2
__end_of_i2c2_fsmStateTable            smallconst   000827
__end_of_main                          text0        000D50
__end_of_rd1RegCompleteHandler         text52       001070
__end_of_rd2RegCompleteHandler         text51       001044
__end_of_rdBlkRegCompleteHandler       text49       000FB4
__end_of_wr1RegCompleteHandler         text50       001018
__end_of_wr2RegCompleteHandler         text53       00109C
__initialization                       cinit        000FB4
__mediumconst                          mediumconst  000000
__pbssCOMRAM                           bssCOMRAM    000001
__pcinit                               cinit        000FB4
__pcstackCOMRAM                        cstackCOMRAM 00002F
__pdataCOMRAM                          dataCOMRAM   000049
__pidataCOMRAM                         idataCOMRAM  0012F8
__psmallconst                          smallconst   000800
__ptext0                               text0        000CEC
__ptext1                               text1        0012BC
__ptext10                              text10       001344
__ptext11                              text11       000F1C
__ptext12                              text12       0011C0
__ptext13                              text13       000E14
__ptext14                              text14       000DB2
__ptext15                              text15       0012CE
__ptext16                              text16       000C0C
__ptext17                              text17       000C80
__ptext18                              text18       0012DC
__ptext19                              text19       00134C
__ptext2                               text2        001118
__ptext20                              text20       0012EA
__ptext21                              text21       001354
__ptext22                              text22       0010F0
__ptext23                              text23       0013A8
__ptext24                              text24       0013AC
__ptext25                              text25       001304
__ptext26                              text26       00094C
__ptext27                              text27       000B92
__ptext28                              text28       0009EA
__ptext29                              text29       000828
__ptext3                               text3        000D50
__ptext30                              text30       0012A8
__ptext31                              text31       00109C
__ptext32                              text32       00131C
__ptext33                              text33       00135C
__ptext34                              text34       001224
__ptext35                              text35       00123A
__ptext36                              text36       00136C
__ptext37                              text37       001372
__ptext38                              text38       001378
__ptext39                              text39       00137E
__ptext4                               text4        0011DC
__ptext40                              text40       001250
__ptext41                              text41       001384
__ptext42                              text42       001326
__ptext43                              text43       001330
__ptext44                              text44       00138A
__ptext45                              text45       001390
__ptext46                              text46       00133A
__ptext47                              text47       0013B0
__ptext48                              text48       0013B4
__ptext49                              text49       000F68
__ptext5                               text5        00113C
__ptext50                              text50       000FEC
__ptext51                              text51       001018
__ptext52                              text52       001044
__ptext53                              text53       001070
__ptext54                              text54       00120C
__ptext55                              text55       000B10
__ptext56                              text56       001180
__ptext57                              text57       000ECA
__ptext58                              text58       001266
__ptext59                              text59       00127C
__ptext6                               text6        000E70
__ptext60                              text60       001292
__ptext61                              text61       001396
__ptext62                              text62       00139C
__ptext63                              text63       0013A2
__ptext64                              text64       0010C6
__ptext65                              text65       0011A2
__ptext66                              text66       001310
__ptext67                              text67       001364
__ptext68                              text68       000000
__ptext7                               text7        0011F4
__ptext8                               text8        000A82
__ptext9                               text9        00115E
__ramtop                               ramtop       000800
__size_of_I2C2_CallbackReturnReset     (abs)        000000
__size_of_I2C2_CallbackReturnStop      (abs)        000000
__size_of_I2C2_ClearInterruptFlags     (abs)        000000
__size_of_I2C2_Close                   (abs)        000000
__size_of_I2C2_DO_ADDRESS_NACK         (abs)        000000
__size_of_I2C2_DO_BUS_COLLISION        (abs)        000000
__size_of_I2C2_DO_BUS_ERROR            (abs)        000000
__size_of_I2C2_DO_IDLE                 (abs)        000000
__size_of_I2C2_DO_RESET                (abs)        000000
__size_of_I2C2_DO_RX                   (abs)        000000
__size_of_I2C2_DO_RX_ACK               (abs)        000000
__size_of_I2C2_DO_RX_EMPTY             (abs)        000000
__size_of_I2C2_DO_RX_NACK_RESTART      (abs)        000000
__size_of_I2C2_DO_RX_NACK_STOP         (abs)        000000
__size_of_I2C2_DO_SEND_ADR_READ        (abs)        000000
__size_of_I2C2_DO_SEND_ADR_WRITE       (abs)        000000
__size_of_I2C2_DO_SEND_RESTART         (abs)        000000
__size_of_I2C2_DO_SEND_RESTART_READ    (abs)        000000
__size_of_I2C2_DO_SEND_RESTART_WRITE   (abs)        000000
__size_of_I2C2_DO_SEND_STOP            (abs)        000000
__size_of_I2C2_DO_TX                   (abs)        000000
__size_of_I2C2_DO_TX_ACK               (abs)        000000
__size_of_I2C2_DO_TX_EMPTY             (abs)        000000
__size_of_I2C2_Initialize              (abs)        000000
__size_of_I2C2_MasterClearCountFlag    (abs)        000000
__size_of_I2C2_MasterClearIrq          (abs)        000000
__size_of_I2C2_MasterClearNackFlag     (abs)        000000
__size_of_I2C2_MasterClearStopFlag     (abs)        000000
__size_of_I2C2_MasterClose             (abs)        000000
__size_of_I2C2_MasterDisableIrq        (abs)        000000
__size_of_I2C2_MasterDisableRestart    (abs)        000000
__size_of_I2C2_MasterEnableRestart     (abs)        000000
__size_of_I2C2_MasterFsm               (abs)        000000
__size_of_I2C2_MasterGetCounter        (abs)        000000
__size_of_I2C2_MasterGetRxData         (abs)        000000
__size_of_I2C2_MasterIsCountFlagSet    (abs)        000000
__size_of_I2C2_MasterIsNack            (abs)        000000
__size_of_I2C2_MasterIsNackFlagSet     (abs)        000000
__size_of_I2C2_MasterIsRxBufFull       (abs)        000000
__size_of_I2C2_MasterIsStopFlagSet     (abs)        000000
__size_of_I2C2_MasterIsTxBufEmpty      (abs)        000000
__size_of_I2C2_MasterOpen              (abs)        000000
__size_of_I2C2_MasterOperation         (abs)        000000
__size_of_I2C2_MasterResetBus          (abs)        000000
__size_of_I2C2_MasterSendAck           (abs)        000000
__size_of_I2C2_MasterSendNack          (abs)        000000
__size_of_I2C2_MasterSendTxData        (abs)        000000
__size_of_I2C2_MasterSetCounter        (abs)        000000
__size_of_I2C2_MasterStop              (abs)        000000
__size_of_I2C2_MasterWaitForEvent      (abs)        000000
__size_of_I2C2_MasterWrite             (abs)        000000
__size_of_I2C2_Open                    (abs)        000000
__size_of_I2C2_Poller                  (abs)        000000
__size_of_I2C2_SetAddressNackCallback  (abs)        000000
__size_of_I2C2_SetBuffer               (abs)        000000
__size_of_I2C2_SetCallback             (abs)        000000
__size_of_I2C2_SetDataCompleteCallback (abs)        000000
__size_of_I2C2_WriteNBytes             (abs)        000000
__size_of_OSCILLATOR_Initialize        (abs)        000000
__size_of_PIN_MANAGER_Initialize       (abs)        000000
__size_of_PMD_Initialize               (abs)        000000
__size_of_SYSTEM_Initialize            (abs)        000000
__size_of_main                         (abs)        000000
__size_of_rd1RegCompleteHandler        (abs)        000000
__size_of_rd2RegCompleteHandler        (abs)        000000
__size_of_rdBlkRegCompleteHandler      (abs)        000000
__size_of_wr1RegCompleteHandler        (abs)        000000
__size_of_wr2RegCompleteHandler        (abs)        000000
__smallconst                           smallconst   000800
_i2c2_fsmStateTable                    smallconst   000801
_i2c_read_data                         bssCOMRAM    000025
_i2c_send_data                         dataCOMRAM   000049
_main                                  text0        000CEC
_rd1RegCompleteHandler                 text52       001044
_rd2RegCompleteHandler                 text51       001018
_rdBlkRegCompleteHandler               text49       000F68
_wr1RegCompleteHandler                 text50       000FEC
_wr2RegCompleteHandler                 text53       001070
end_of_initialization                  cinit        000FE2
intlevel0                              text         000000
intlevel1                              text         000000
intlevel2                              text         000000
intlevel3                              text         000000
isa$std                                (abs)        000001
isa$xinst                              (abs)        000000
rd1RegCompleteHandler@ptr              cstackCOMRAM 000038
rd2RegCompleteHandler@ptr              cstackCOMRAM 000038
rdBlkRegCompleteHandler@ptr            cstackCOMRAM 000038
stackhi                                (abs)        0007FF
stacklo                                (abs)        000060
start                                  init         007FFC
start_initialization                   cinit        000FB4
wr1RegCompleteHandler@ptr              cstackCOMRAM 000038
wr2RegCompleteHandler@ptr              cstackCOMRAM 000038


MODULE INFORMATION

Module		Function		Class		Link	Load	Size
mcc_generated_files/examples/i2c2_master_example.c
		_wr1RegCompleteHandler		CODE           	0FEC	0000	44
		_wr2RegCompleteHandler		CODE           	1070	0000	44
		_rdBlkRegCompleteHandler		CODE           	0F68	0000	76
		_rd1RegCompleteHandler		CODE           	1044	0000	44
		_rd2RegCompleteHandler		CODE           	1018	0000	44
		_I2C2_WriteNBytes		CODE           	0E70	0000	90

mcc_generated_files/examples/i2c2_master_example.c estimated size: 342

mcc_generated_files/pin_manager.c
		_PIN_MANAGER_Initialize		CODE           	0D50	0000	98

mcc_generated_files/pin_manager.c estimated size: 98

mcc_generated_files/i2c2_master.c
		_I2C2_MasterResetBus		CODE           	133A	0000	10
		_I2C2_MasterIsCountFlagSet		CODE           	1292	0000	22
		_I2C2_DO_SEND_ADR_READ		CODE           	109C	0000	42
		_I2C2_DO_RX_NACK_STOP		CODE           	12EA	0000	14
		_I2C2_DO_SEND_RESTART		CODE           	13A8	0000	4
		_I2C2_MasterIsNackFlagSet		CODE           	127C	0000	22
		_I2C2_DO_RX_EMPTY		CODE           	094C	0000	158
		_I2C2_DO_TX_EMPTY		CODE           	0B92	0000	122
		_I2C2_DO_SEND_RESTART_READ		CODE           	1304	0000	12
		_I2C2_MasterClearNackFlag		CODE           	139C	0000	6
		_I2C2_CallbackReturnStop		CODE           	13B4	0000	4
		_I2C2_DO_RX    		CODE           	09EA	0000	152
		_I2C2_DO_TX    		CODE           	0828	0000	292
		_I2C2_SetAddressNackCallback		CODE           	11F4	0000	24
		_I2C2_DO_IDLE  		CODE           	131C	0000	10
		_I2C2_MasterOpen		CODE           	115E	0000	34
		_I2C2_MasterSendTxData		CODE           	1326	0000	10
		_I2C2_MasterStop		CODE           	1372	0000	6
		_I2C2_MasterIsStopFlagSet		CODE           	1266	0000	22
		_I2C2_CallbackReturnReset		CODE           	13B0	0000	4
		_I2C2_DO_RESET 		CODE           	12DC	0000	14
		_I2C2_Poller   		CODE           	11C0	0000	28
		_I2C2_DO_RX_ACK		CODE           	1354	0000	8
		_I2C2_DO_TX_ACK		CODE           	135C	0000	8
		_I2C2_MasterWaitForEvent		CODE           	0E14	0000	92
		_I2C2_MasterSendNack		CODE           	1378	0000	6
		_I2C2_DO_RX_NACK_RESTART		CODE           	134C	0000	8
		_I2C2_MasterDisableIrq		CODE           	11A2	0000	30
		_I2C2_ClearInterruptFlags		CODE           	0ECA	0000	82
		_I2C2_MasterOperation		CODE           	0F1C	0000	76
		_I2C2_MasterClearStopFlag		CODE           	1396	0000	6
		_I2C2_SetCallback		CODE           	0B10	0000	130
		_I2C2_MasterEnableRestart		CODE           	138A	0000	6
		_I2C2_MasterGetCounter		CODE           	136C	0000	6
		_I2C2_MasterSetCounter		CODE           	1330	0000	10
		_I2C2_Open     		CODE           	0A82	0000	142
		_I2C2_DO_ADDRESS_NACK		CODE           	0C80	0000	108
		_I2C2_MasterDisableRestart		CODE           	1390	0000	6
		_I2C2_MasterClearCountFlag		CODE           	13A2	0000	6
		_I2C2_SetBuffer		CODE           	1180	0000	34
		_I2C2_DO_SEND_RESTART_WRITE		CODE           	13AC	0000	4
		_I2C2_MasterIsTxBufEmpty		CODE           	1224	0000	22
		_I2C2_MasterClose		CODE           	1310	0000	12
		_I2C2_MasterWrite		CODE           	1344	0000	8
		_I2C2_Initialize		CODE           	113C	0000	34
		_I2C2_Close    		CODE           	10C6	0000	42
		_I2C2_MasterIsRxBufFull		CODE           	1250	0000	22
		_I2C2_MasterIsNack		CODE           	123A	0000	22
		_I2C2_DO_SEND_ADR_WRITE		CODE           	12A8	0000	20
		_I2C2_MasterClearIrq		CODE           	1364	0000	8
		_I2C2_SetDataCompleteCallback		CODE           	120C	0000	24
		_I2C2_DO_SEND_STOP		CODE           	10F0	0000	40
		_I2C2_DO_BUS_COLLISION		CODE           	0C0C	0000	116
		_I2C2_DO_BUS_ERROR		CODE           	12CE	0000	14
		_I2C2_MasterSendAck		CODE           	137E	0000	6
		_I2C2_MasterFsm		CODE           	0DB2	0000	98
		_I2C2_MasterGetRxData		CODE           	1384	0000	6

mcc_generated_files/i2c2_master.c estimated size: 2274

shared
		__initialization		CODE           	0FB4	0000	46
		_i2c2_fsmStateTable		SMALLCONST     	0801	0000	38

shared estimated size: 84

mcc_generated_files/mcc.c
		_PMD_Initialize		CODE           	1118	0000	36
		_OSCILLATOR_Initialize		CODE           	11DC	0000	24
		_SYSTEM_Initialize		CODE           	12BC	0000	18

mcc_generated_files/mcc.c estimated size: 78

main.c
		_main          		CODE           	0CEC	0000	100

main.c estimated size: 100

